PS C:\Users\h.kishikawa> git init "git_challenge"
Initialized empty Git repository in C:/Users/h.kishikawa/git_challenge/.git/
PS C:\Users\h.kishikawa> cd git_challenge
PS C:\Users\h.kishikawa\git_challenge> echo "Hello, world!" "こんにちは、世界!">> hello_world.txt
PS C:\Users\h.kishikawa\git_challenge> git add hello_world.txt
PS C:\Users\h.kishikawa\git_challenge> git commit -m "Hello, world!"   
[main (root-commit) 293e01a] Hello, world!
 1 file changed, 1 insertion(+)
 create mode 100644 hello_world.txt
PS C:\Users\h.kishikawa\git_challenge> git  commit -m "こんにちは、世界!"
On branch main
nothing to commit, working tree clean
PS C:\Users\h.kishikawa\git_challenge> git log
commit 293e01abf20a005d58e9b05076c1dd1f3cb322af (HEAD -> main)
Author: mimi27rim <tonganchuan365@gmail.com>
Date:   Wed Dec 11 15:09:00 2024 +0900

    Hello, world!